// Jest Snapshot v1, https://goo.gl/fbAQLP

exports[`Admin Controls  renders correctly 1`] = `
<div
  className="padding-10"
>
  <div
    className="MuiFormControl-root css-1nrlq1o-MuiFormControl-root"
  >
    <label
      className="MuiFormLabel-root MuiFormLabel-colorPrimary css-u4tvz2-MuiFormLabel-root"
    >
      Username to delete
    </label>
    <div
      className="MuiFormControl-root MuiTextField-root css-1u3bzj6-MuiFormControl-root-MuiTextField-root"
    >
      <div
        className="MuiInputBase-root MuiOutlinedInput-root MuiInputBase-colorPrimary MuiInputBase-formControl css-9ddj71-MuiInputBase-root-MuiOutlinedInput-root"
        onClick={[Function]}
      >
        <input
          aria-invalid={false}
          autoFocus={false}
          className="MuiInputBase-input MuiOutlinedInput-input css-1t8l2tu-MuiInputBase-input-MuiOutlinedInput-input"
          disabled={false}
          id=":r0:"
          name="username"
          onAnimationStart={[Function]}
          onBlur={[Function]}
          onChange={[Function]}
          onFocus={[Function]}
          required={false}
          type="username"
          value=""
        />
        <fieldset
          aria-hidden={true}
          className="MuiOutlinedInput-notchedOutline css-1d3z3hw-MuiOutlinedInput-notchedOutline"
        >
          <legend
            className="css-ihdtdm"
          >
            <span
              className="notranslate"
            >
              â€‹
            </span>
          </legend>
        </fieldset>
      </div>
    </div>
    <button
      className="MuiButtonBase-root MuiButton-root MuiButton-outlined MuiButton-outlinedPrimary MuiButton-sizeMedium MuiButton-outlinedSizeMedium MuiButton-root MuiButton-outlined MuiButton-outlinedPrimary MuiButton-sizeMedium MuiButton-outlinedSizeMedium width-250px css-1rwt2y5-MuiButtonBase-root-MuiButton-root"
      disabled={false}
      onBlur={[Function]}
      onClick={[Function]}
      onContextMenu={[Function]}
      onDragLeave={[Function]}
      onFocus={[Function]}
      onKeyDown={[Function]}
      onKeyUp={[Function]}
      onMouseDown={[Function]}
      onMouseLeave={[Function]}
      onMouseUp={[Function]}
      onTouchEnd={[Function]}
      onTouchMove={[Function]}
      onTouchStart={[Function]}
      tabIndex={0}
      title="Find By Id"
      type="button"
      value="Find By Id"
    >
      Delete User
    </button>
  </div>
</div>
`;
