// Jest Snapshot v1, https://goo.gl/fbAQLP

exports[`Banner  renders correctly 1`] = `
<div
  className="banner flex"
>
  <div>
    <div
      className="font-size-50 super-bold-black"
    >
      B//APP
    </div>
    <div>
      Basic UI and DataService
    </div>
  </div>
  <div
    className="split padding-20"
  >
    <a
      className="flex color-black"
      href="/"
      onClick={[Function]}
    >
      <div>
        <div
          className="margin-5"
        >
           Login
        </div>
      </div>
      <svg
        aria-hidden={true}
        className="MuiSvgIcon-root MuiSvgIcon-fontSizeLarge margin-login  css-tzssek-MuiSvgIcon-root"
        data-testid="LoginIcon"
        focusable="false"
        viewBox="0 0 24 24"
      >
        <path
          d="M11 7 9.6 8.4l2.6 2.6H2v2h10.2l-2.6 2.6L11 17l5-5zm9 12h-8v2h8c1.1 0 2-.9 2-2V5c0-1.1-.9-2-2-2h-8v2h8z"
        />
      </svg>
    </a>
  </div>
</div>
`;
