// Jest Snapshot v1, https://goo.gl/fbAQLP

exports[`LoginForm   renders correctly 1`] = `
<div
  className="padding-20"
>
  <h1>
    Login
  </h1>
  <form
    className="App"
    onSubmit={[Function]}
  >
    <div
      className="MuiFormControl-root padding-10 css-1nrlq1o-MuiFormControl-root"
    >
      <label
        className="MuiFormLabel-root MuiFormLabel-colorPrimary css-u4tvz2-MuiFormLabel-root"
      >
        Username
      </label>
      <div
        className="MuiFormControl-root MuiTextField-root css-1u3bzj6-MuiFormControl-root-MuiTextField-root"
      >
        <div
          className="MuiInputBase-root MuiOutlinedInput-root MuiInputBase-colorPrimary MuiInputBase-formControl css-9ddj71-MuiInputBase-root-MuiOutlinedInput-root"
          onClick={[Function]}
        >
          <input
            aria-invalid={false}
            autoFocus={false}
            className="MuiInputBase-input MuiOutlinedInput-input css-1t8l2tu-MuiInputBase-input-MuiOutlinedInput-input"
            disabled={false}
            id=":r0:"
            name="username"
            onAnimationStart={[Function]}
            onBlur={[Function]}
            onChange={[Function]}
            onFocus={[Function]}
            required={false}
            type="username"
            value=""
          />
          <fieldset
            aria-hidden={true}
            className="MuiOutlinedInput-notchedOutline css-1d3z3hw-MuiOutlinedInput-notchedOutline"
          >
            <legend
              className="css-ihdtdm"
            >
              <span
                className="notranslate"
              >
                ​
              </span>
            </legend>
          </fieldset>
        </div>
      </div>
      <label
        className="MuiFormLabel-root MuiFormLabel-colorPrimary css-u4tvz2-MuiFormLabel-root"
      >
        Password
      </label>
      <div
        className="MuiFormControl-root MuiTextField-root css-1u3bzj6-MuiFormControl-root-MuiTextField-root"
      >
        <div
          className="MuiInputBase-root MuiOutlinedInput-root MuiInputBase-colorPrimary MuiInputBase-formControl css-9ddj71-MuiInputBase-root-MuiOutlinedInput-root"
          onClick={[Function]}
        >
          <input
            aria-invalid={false}
            autoFocus={false}
            className="MuiInputBase-input MuiOutlinedInput-input css-1t8l2tu-MuiInputBase-input-MuiOutlinedInput-input"
            disabled={false}
            id=":r1:"
            name="password"
            onAnimationStart={[Function]}
            onBlur={[Function]}
            onChange={[Function]}
            onFocus={[Function]}
            required={false}
            type="password"
            value=""
          />
          <fieldset
            aria-hidden={true}
            className="MuiOutlinedInput-notchedOutline css-1d3z3hw-MuiOutlinedInput-notchedOutline"
          >
            <legend
              className="css-ihdtdm"
            >
              <span
                className="notranslate"
              >
                ​
              </span>
            </legend>
          </fieldset>
        </div>
      </div>
      <br />
      <div
        className="MuiFormControl-root MuiTextField-root css-1u3bzj6-MuiFormControl-root-MuiTextField-root"
      >
        <label
          className="MuiFormLabel-root MuiInputLabel-root MuiInputLabel-formControl MuiInputLabel-animated MuiInputLabel-shrink MuiInputLabel-sizeMedium MuiInputLabel-outlined MuiFormLabel-colorSecondary Mui-disabled MuiFormLabel-filled MuiInputLabel-root MuiInputLabel-formControl MuiInputLabel-animated MuiInputLabel-shrink MuiInputLabel-sizeMedium MuiInputLabel-outlined css-179z3gj-MuiFormLabel-root-MuiInputLabel-root"
          data-shrink={true}
          htmlFor=":r2:"
          id=":r2:-label"
        >
          Submit button
        </label>
        <div
          className="MuiInputBase-root MuiOutlinedInput-root MuiInputBase-colorSecondary Mui-disabled MuiInputBase-formControl css-hjtp1-MuiInputBase-root-MuiOutlinedInput-root"
          onClick={[Function]}
        >
          <input
            aria-invalid={false}
            autoFocus={false}
            className="MuiInputBase-input MuiOutlinedInput-input Mui-disabled css-1t8l2tu-MuiInputBase-input-MuiOutlinedInput-input"
            defaultValue="Outlined"
            disabled={true}
            id=":r2:"
            name="submit"
            onAnimationStart={[Function]}
            onBlur={[Function]}
            onChange={[Function]}
            onFocus={[Function]}
            required={false}
            type="submit"
          />
          <fieldset
            aria-hidden={true}
            className="MuiOutlinedInput-notchedOutline css-1d3z3hw-MuiOutlinedInput-notchedOutline"
          >
            <legend
              className="css-14lo706"
            >
              <span>
                Submit button
              </span>
            </legend>
          </fieldset>
        </div>
      </div>
    </div>
  </form>
</div>
`;
